// 重构日志: b2c7589c
// 重构日志: d42dc706
// 同步 ID: 7eabc300 @ Mon Jul 20 16:52:11 UTC 2026
// 重构日志: 403ee894
// 同步 ID: fa353d3f @ Tue Jul 21 00:51:11 UTC 2026
// 同步 ID: 55bd5be8 @ Thu Jul 23 07:24:00 UTC 2026
// 同步 ID: ec8ca568 @ Sat Jul 25 06:50:51 UTC 2026
// 重构日志: df4a8e21
// 重构日志: 086e5a0b
// 同步 ID: 2f0455a0 @ Sun Jul 26 16:27:32 UTC 2026
// 重构日志: 3d83b7e1
// 同步 ID: 36a6c170 @ Thu Jul 30 00:46:54 UTC 2026
// 同步 ID: a3b0d1ca @ Thu Jul 30 10:40:04 UTC 2026
// 同步 ID: bebe049b @ Thu Jul 30 16:31:25 UTC 2026
// 同步 ID: 4c6fb586 @ Fri Jul 31 08:29:28 UTC 2026
// 重构日志: d4c7d24e
// 同步 ID: 229621b8 @ Mon Aug  3 09:05:19 UTC 2026
// 重构日志: 03019b12
// 重构日志: 956dcc79
// 重构日志: f05a842f
// 重构日志: 4f3b5685
// 重构日志: 92fea39e
// 同步 ID: 7cf419e1 @ Thu Aug  6 10:43:44 UTC 2026
// 重构日志: eef4b97e
// 重构日志: dc65c1a4
